
> react-kavia@0.1.0 start
> react-scripts start

Attempting to bind to HOST environment variable: 0.0.0.0
If this was unintentional, check that you haven't mistakenly set it in your shell.
Learn more here: https://cra.link/advanced-config

(node:17956) [DEP_WEBPACK_DEV_SERVER_ON_AFTER_SETUP_MIDDLEWARE] DeprecationWarning: 'onAfterSetupMiddleware' option is deprecated. Please use the 'setupMiddlewares' option.
(Use `node --trace-deprecation ...` to show where the warning was created)
(node:17956) [DEP_WEBPACK_DEV_SERVER_ON_BEFORE_SETUP_MIDDLEWARE] DeprecationWarning: 'onBeforeSetupMiddleware' option is deprecated. Please use the 'setupMiddlewares' option.
Starting the development server...

Compiled successfully!

You can now view react-kavia in the browser.

  Local:            http://localhost:3000
  On Your Network:  http://172.17.0.2:3000

Note that the development build is not optimized.
To create a production build, use npm run build.

webpack compiled successfully
Compiling...
Failed to compile.

Module not found: Error: Can't resolve './components/LoadingSpinner' in '/home/kavia/workspace/code-generation/taskmaster-suite-120624-ee6f920f/task_frontend_app/src'
ERROR in ./src/App.js 12:0-57
Module not found: Error: Can't resolve './components/LoadingSpinner' in '/home/kavia/workspace/code-generation/taskmaster-suite-120624-ee6f920f/task_frontend_app/src'

webpack compiled with 1 error
Compiling...
Failed to compile.

Module not found: Error: Can't resolve './LoadingSpinner.css' in '/home/kavia/workspace/code-generation/taskmaster-suite-120624-ee6f920f/task_frontend_app/src/components'
ERROR in ./src/components/LoadingSpinner.js 5:0-30
Module not found: Error: Can't resolve './LoadingSpinner.css' in '/home/kavia/workspace/code-generation/taskmaster-suite-120624-ee6f920f/task_frontend_app/src/components'

webpack compiled with 1 error
Compiling...
Compiled successfully!
webpack compiled successfully
Compiling...
Failed to compile.

[eslint] 
src/components/auth/Login.js
  Line 89:5:   'setLoading' is not defined   no-undef
  Line 93:13:  'authService' is not defined  no-undef
  Line 98:7:   'setLoading' is not defined   no-undef

Search for the keywords to learn more about each error.
WARNING in [eslint] 
src/components/auth/Login.js
  Line 18:11:  'login' is assigned a value but never used  no-unused-vars
  Line 18:27:  'error' is assigned a value but never used  no-unused-vars

ERROR in [eslint] 
src/components/auth/Login.js
  Line 89:5:   'setLoading' is not defined   no-undef
  Line 93:13:  'authService' is not defined  no-undef
  Line 98:7:   'setLoading' is not defined   no-undef

Search for the keywords to learn more about each error.

webpack compiled with 1 error and 1 warning
Compiling...
Compiled with warnings.

[eslint] 
src/components/auth/Login.js
  Line 18:27:  'error' is assigned a value but never used  no-unused-vars

Search for the keywords to learn more about each warning.
To ignore, add // eslint-disable-next-line to the line before.

WARNING in [eslint] 
src/components/auth/Login.js
  Line 18:27:  'error' is assigned a value but never used  no-unused-vars

webpack compiled with 1 warning
Compiling...
Compiled successfully!
webpack compiled successfully
Compiling...
Failed to compile.

[eslint] 
src/components/auth/Register.js
  Line 103:5:   'setLoading' is not defined   no-undef
  Line 108:13:  'authService' is not defined  no-undef
  Line 113:7:   'setLoading' is not defined   no-undef

Search for the keywords to learn more about each error.
WARNING in [eslint] 
src/components/auth/Register.js
  Line 20:11:  'register' is assigned a value but never used  no-unused-vars
  Line 20:30:  'error' is assigned a value but never used     no-unused-vars

ERROR in [eslint] 
src/components/auth/Register.js
  Line 103:5:   'setLoading' is not defined   no-undef
  Line 108:13:  'authService' is not defined  no-undef
  Line 113:7:   'setLoading' is not defined   no-undef

Search for the keywords to learn more about each error.

webpack compiled with 1 error and 1 warning
Compiling...
Compiled with warnings.

[eslint] 
src/components/auth/Register.js
  Line 20:30:  'error' is assigned a value but never used  no-unused-vars

Search for the keywords to learn more about each warning.
To ignore, add // eslint-disable-next-line to the line before.

WARNING in [eslint] 
src/components/auth/Register.js
  Line 20:30:  'error' is assigned a value but never used  no-unused-vars

webpack compiled with 1 warning
Compiling...
Compiled with warnings.

[eslint] 
src/components/auth/Register.js
  Line 20:30:  'error' is assigned a value but never used  no-unused-vars

Search for the keywords to learn more about each warning.
To ignore, add // eslint-disable-next-line to the line before.

WARNING in [eslint] 
src/components/auth/Register.js
  Line 20:30:  'error' is assigned a value but never used  no-unused-vars

webpack compiled with 1 warning
Compiling...
Compiled with warnings.

[eslint] 
src/components/auth/Register.js
  Line 20:30:  'error' is assigned a value but never used  no-unused-vars

Search for the keywords to learn more about each warning.
To ignore, add // eslint-disable-next-line to the line before.

WARNING in [eslint] 
src/components/auth/Register.js
  Line 20:30:  'error' is assigned a value but never used  no-unused-vars

webpack compiled with 1 warning
